// Jest Snapshot v1, https://goo.gl/fbAQLP

exports[`FilesStats should render 1`] = `null`;
